20:09:19 **** Incremental Build of configuration Debug for project condition-monitor-node ****
make -j14 all 
arm-none-eabi-gcc "../Core/Src/main.c" -mcpu=cortex-m4 -std=gnu11 -g3 -DDEBUG -DUSE_HAL_DRIVER -DSTM32F401xE -c -I../Core/Inc -I../Drivers/STM32F4xx_HAL_Driver/Inc -I../Drivers/STM32F4xx_HAL_Driver/Inc/Legacy -I../Drivers/CMSIS/Device/ST/STM32F4xx/Include -I../Drivers/CMSIS/Include -O0 -ffunction-sections -fdata-sections -Wall -fstack-usage -fcyclomatic-complexity -MMD -MP -MF"Core/Src/main.d" -MT"Core/Src/main.o" --specs=nano.specs -mfpu=fpv4-sp-d16 -mfloat-abi=hard -mthumb -o "Core/Src/main.o"
arm-none-eabi-gcc -o "condition-monitor-node.elf" @"objects.list"   -mcpu=cortex-m4 -T"/home/mm/Documents/embedded/projects/industrial-condition-monitoring/firmware/condition-monitor-node/STM32F401RETX_FLASH.ld" --specs=nosys.specs -Wl,-Map="condition-monitor-node.map" -Wl,--gc-sections -static --specs=nano.specs -mfpu=fpv4-sp-d16 -mfloat-abi=hard -mthumb -Wl,--start-group -lc -lm -Wl,--end-group
Finished building target: condition-monitor-node.elf
 
arm-none-eabi-size  condition-monitor-node.elf 
arm-none-eabi-objdump -h -S condition-monitor-node.elf  > "condition-monitor-node.list"
   text	   data	    bss	    dec	    hex	filename
   7856	     12	   1644	   9512	   2528	condition-monitor-node.elf
Finished building: default.size.stdout
 
Finished building: condition-monitor-node.list
 
20:09:37 **** Incremental Build of configuration Debug for project condition-monitor-node ****
make -j14 all 
arm-none-eabi-size  condition-monitor-node.elf 
   text	   data	    bss	    dec	    hex	filename
   7856	     12	   1644	   9512	   2528	condition-monitor-node.elf
Finished building: default.size.stdout
 
